 gid | aaa | bbb | ccc |                                               the_geom                                               
-----+-----+-----+-----+------------------------------------------------------------------------------------------------------
   2 |   3 | bbb |     | 0105000000010000000102000000020000000000000000002E400000000000002E4000000000000039400000000000003940
   3 |     |     | t   | 010500000001000000010200000002000000000000000000344000000000000034400000000000003E400000000000003E40
   4 |   3 |     |     | 
(3 rows)

