 gid | aaa | bbb | ccc | time_start_end | dbuser | id_hist 
-----+-----+-----+-----+----------------+--------+---------
   2 |     | bbb |     |                |        |       2
   3 |     |     | t   |                |        |       3
   4 |   3 |     |     |                | ivo    |       4
   1 | 111 |     |     | t              | ivo    |       1
(4 rows)

