 id | eee | fff | ggg 
----+-----+-----+-----
  2 |   3 | yyy | t
  3 | 300 | zzz | f
  4 |   3 |     | 
(3 rows)

