 id | eee | fff | ggg 
----+-----+-----+-----
  1 | 100 | xxx | t
  2 | 200 | yyy | t
  3 | 300 | zzz | f
(3 rows)

