 id | eee | fff | ggg | time_start_end | dbuser | id_hist 
----+-----+-----+-----+----------------+--------+---------
  3 | 300 | zzz | f   |                |        |       3
  4 |   3 |     |     |                | ivo    |       4
  1 | 100 | xxx | t   | t              | ivo    |       1
  2 | 200 | yyy | t   | t              | ivo    |       5
  2 |   3 | yyy | t   |                |        |       2
(5 rows)

