 id | id_tag | dbschema | dbtable | dbuser | changes_count |    message    
----+--------+----------+---------+--------+---------------+---------------
  1 |      1 | gisdata  | t_data  | ivo    |             0 | History init.
  2 |      1 | gis      | v_layer | ivo    |             0 | History init.
(2 rows)

