 id | eee | fff | ggg | time_start_end | dbuser | id_hist 
----+-----+-----+-----+----------------+--------+---------
  1 | 100 | xxx | t   |                |        |       1
  2 | 200 | yyy | t   |                |        |       2
  3 | 300 | zzz | f   |                |        |       3
(3 rows)

