 gid | aaa | bbb | ccc | time_start_end | dbuser | id_hist 
-----+-----+-----+-----+----------------+--------+---------
   1 | 111 |     |     |                |        |       1
   2 |     | bbb |     |                |        |       2
   3 |     |     | t   |                |        |       3
(3 rows)

