 id | eee | fff | ggg 
----+-----+-----+-----
  1 | 100 | xxx | t
  2 | 200 | yyy | t
  3 | 300 | zzz | f
(3 rows)

                     addgeometrycolumn                     
-----------------------------------------------------------
 gis.v_layer.the_geom SRID:-1 TYPE:MULTILINESTRING DIMS:2 
(1 row)

 gid | aaa | bbb | ccc |                                               the_geom                                               
-----+-----+-----+-----+------------------------------------------------------------------------------------------------------
   1 | 111 |     |     | 0105000000010000000102000000020000000000000000002440000000000000244000000000000034400000000000003440
   2 |     | bbb |     | 0105000000010000000102000000020000000000000000002E400000000000002E4000000000000039400000000000003940
   3 |     |     | t   | 010500000001000000010200000002000000000000000000344000000000000034400000000000003E400000000000003E40
(3 rows)

