 id | eee | fff | ggg 
----+-----+-----+-----
  3 | 300 | zzz | f
  2 |   3 | yyy | t
  4 |   3 |     | 
(3 rows)

